// Jest Snapshot v1, https://goo.gl/fbAQLP

exports[`<WelcomeScreen /> renders correctly 1`] = `
<View
  style={
    {
      "alignItems": "center",
      "flex": 1,
      "justifyContent": "center",
    }
  }
>
  <Image
    source={1}
  />
  <Text
    style={
      {
        "color": "green",
        "fontSize": 42,
        "fontWeight": "bold",
      }
    }
  >
    Welcome to CropHealer!
  </Text>
  <Text
    style={
      {
        "alignContent": "center",
        "color": "black",
        "fontSize": 24,
        "fontWeight": "bold",
        "marginBottom": 20,
        "marginTop": 20,
      }
    }
  >
    Your AI Powered Plant Disease Identifier
  </Text>
  <View
    accessibilityState={
      {
        "busy": undefined,
        "checked": undefined,
        "disabled": undefined,
        "expanded": undefined,
        "selected": undefined,
      }
    }
    accessibilityValue={
      {
        "max": undefined,
        "min": undefined,
        "now": undefined,
        "text": undefined,
      }
    }
    accessible={true}
    collapsable={false}
    focusable={true}
    onClick={[Function]}
    onResponderGrant={[Function]}
    onResponderMove={[Function]}
    onResponderRelease={[Function]}
    onResponderTerminate={[Function]}
    onResponderTerminationRequest={[Function]}
    onStartShouldSetResponder={[Function]}
    style={
      {
        "alignItems": "center",
        "backgroundColor": "green",
        "borderRadius": 5,
        "opacity": 1,
        "padding": 10,
        "width": "80%",
      }
    }
  >
    <Text
      style={
        {
          "color": "white",
          "fontSize": 20,
          "fontWeight": "bold",
          "textAlign": "center",
        }
      }
    >
      Diagnose
    </Text>
  </View>
  <View
    accessibilityState={
      {
        "busy": undefined,
        "checked": undefined,
        "disabled": undefined,
        "expanded": undefined,
        "selected": undefined,
      }
    }
    accessibilityValue={
      {
        "max": undefined,
        "min": undefined,
        "now": undefined,
        "text": undefined,
      }
    }
    accessible={true}
    collapsable={false}
    focusable={true}
    onClick={[Function]}
    onResponderGrant={[Function]}
    onResponderMove={[Function]}
    onResponderRelease={[Function]}
    onResponderTerminate={[Function]}
    onResponderTerminationRequest={[Function]}
    onStartShouldSetResponder={[Function]}
    style={
      {
        "alignItems": "center",
        "backgroundColor": "green",
        "borderRadius": 5,
        "marginTop": 10,
        "opacity": 1,
        "padding": 10,
        "width": "80%",
      }
    }
  >
    <Text
      style={
        {
          "color": "white",
          "fontSize": 20,
          "fontWeight": "bold",
          "textAlign": "center",
        }
      }
    >
      Explore
    </Text>
  </View>
</View>
`;
